// Jest Snapshot v1, https://goo.gl/fbAQLP

exports[`Component snapshot 1`] = `
<View
  style={
    {
      "alignItems": "center",
      "backgroundColor": "#fff",
      "flex": 1,
      "paddingTop": 122,
    }
  }
>
  <Image
    source={
      {
        "testUri": "../../../assets/images/empty.png",
      }
    }
  />
  <Text
    onPress={[Function]}
    style={
      [
        {
          "borderColor": "#5C5C5C",
          "color": "#5C5C5C",
          "fontSize": 22,
          "fontWeight": "500",
          "textTransform": "none",
        },
        undefined,
        {
          "color": "#696969",
          "marginTop": 24,
        },
      ]
    }
  >
    No Results Found
  </Text>
  <Text
    onPress={[Function]}
    style={
      [
        {
          "borderColor": "#5C5C5C",
          "color": "#5C5C5C",
          "fontSize": 13,
          "fontWeight": "400",
          "textTransform": "none",
        },
        undefined,
        {
          "marginTop": 8,
          "textAlign": "center",
        },
      ]
    }
  >
    Try search for a different keywork or
 tweek your search a little
  </Text>
</View>
`;
