// Jest Snapshot v1, https://goo.gl/fbAQLP

exports[`Component snapshot 1`] = `
<View
  style={
    [
      {
        "height": 26,
      },
      {
        "marginTop": undefined,
      },
    ]
  }
>
  <RCTScrollView
    ItemSeparatorComponent={[Function]}
    data={
      [
        {
          "id": 1,
          "name": "Breakfast",
        },
        {
          "id": 2,
          "name": "Dinner",
        },
        {
          "id": 3,
          "name": "Dryfruits",
        },
        {
          "id": 4,
          "name": "Lunch",
        },
        {
          "id": 5,
          "name": "Vegetables",
        },
        {
          "id": 6,
          "name": "Greenich",
        },
        {
          "id": 7,
          "name": "Non-Veg",
        },
        {
          "id": 8,
          "name": "Fast Food",
        },
      ]
    }
    getItem={[Function]}
    getItemCount={[Function]}
    horizontal={true}
    keyExtractor={[Function]}
    onContentSizeChange={[Function]}
    onLayout={[Function]}
    onMomentumScrollBegin={[Function]}
    onMomentumScrollEnd={[Function]}
    onScroll={[Function]}
    onScrollBeginDrag={[Function]}
    onScrollEndDrag={[Function]}
    removeClippedSubviews={false}
    renderItem={[Function]}
    scrollEventThrottle={50}
    showsHorizontalScrollIndicator={false}
    stickyHeaderIndices={[]}
    viewabilityConfigCallbackPairs={[]}
  >
    <View>
      <View
        onLayout={[Function]}
        style={
          [
            {
              "flexDirection": "row",
            },
            null,
          ]
        }
      >
        <Text
          onPress={[Function]}
          style={
            [
              {
                "borderColor": "#5C5C5C",
                "color": "#5C5C5C",
                "fontSize": 13,
                "fontWeight": "400",
                "textTransform": "none",
              },
              undefined,
              {
                "backgroundColor": "#ECEDEC",
                "borderRadius": 8,
                "maxHeight": 26,
                "paddingHorizontal": 10,
                "paddingVertical": 4,
              },
            ]
          }
        >
          Breakfast
        </Text>
        <View
          style={
            {
              "marginLeft": 7,
            }
          }
        />
      </View>
      <View
        onLayout={[Function]}
        style={
          [
            {
              "flexDirection": "row",
            },
            null,
          ]
        }
      >
        <Text
          onPress={[Function]}
          style={
            [
              {
                "borderColor": "#5C5C5C",
                "color": "#5C5C5C",
                "fontSize": 13,
                "fontWeight": "400",
                "textTransform": "none",
              },
              undefined,
              {
                "backgroundColor": "#ECEDEC",
                "borderRadius": 8,
                "maxHeight": 26,
                "paddingHorizontal": 10,
                "paddingVertical": 4,
              },
            ]
          }
        >
          Dinner
        </Text>
        <View
          style={
            {
              "marginLeft": 7,
            }
          }
        />
      </View>
      <View
        onLayout={[Function]}
        style={
          [
            {
              "flexDirection": "row",
            },
            null,
          ]
        }
      >
        <Text
          onPress={[Function]}
          style={
            [
              {
                "borderColor": "#5C5C5C",
                "color": "#5C5C5C",
                "fontSize": 13,
                "fontWeight": "400",
                "textTransform": "none",
              },
              undefined,
              {
                "backgroundColor": "#ECEDEC",
                "borderRadius": 8,
                "maxHeight": 26,
                "paddingHorizontal": 10,
                "paddingVertical": 4,
              },
            ]
          }
        >
          Dryfruits
        </Text>
        <View
          style={
            {
              "marginLeft": 7,
            }
          }
        />
      </View>
      <View
        onLayout={[Function]}
        style={
          [
            {
              "flexDirection": "row",
            },
            null,
          ]
        }
      >
        <Text
          onPress={[Function]}
          style={
            [
              {
                "borderColor": "#5C5C5C",
                "color": "#5C5C5C",
                "fontSize": 13,
                "fontWeight": "400",
                "textTransform": "none",
              },
              undefined,
              {
                "backgroundColor": "#ECEDEC",
                "borderRadius": 8,
                "maxHeight": 26,
                "paddingHorizontal": 10,
                "paddingVertical": 4,
              },
            ]
          }
        >
          Lunch
        </Text>
        <View
          style={
            {
              "marginLeft": 7,
            }
          }
        />
      </View>
      <View
        onLayout={[Function]}
        style={
          [
            {
              "flexDirection": "row",
            },
            null,
          ]
        }
      >
        <Text
          onPress={[Function]}
          style={
            [
              {
                "borderColor": "#5C5C5C",
                "color": "#5C5C5C",
                "fontSize": 13,
                "fontWeight": "400",
                "textTransform": "none",
              },
              undefined,
              {
                "backgroundColor": "#ECEDEC",
                "borderRadius": 8,
                "maxHeight": 26,
                "paddingHorizontal": 10,
                "paddingVertical": 4,
              },
            ]
          }
        >
          Vegetables
        </Text>
        <View
          style={
            {
              "marginLeft": 7,
            }
          }
        />
      </View>
      <View
        onLayout={[Function]}
        style={
          [
            {
              "flexDirection": "row",
            },
            null,
          ]
        }
      >
        <Text
          onPress={[Function]}
          style={
            [
              {
                "borderColor": "#5C5C5C",
                "color": "#5C5C5C",
                "fontSize": 13,
                "fontWeight": "400",
                "textTransform": "none",
              },
              undefined,
              {
                "backgroundColor": "#ECEDEC",
                "borderRadius": 8,
                "maxHeight": 26,
                "paddingHorizontal": 10,
                "paddingVertical": 4,
              },
            ]
          }
        >
          Greenich
        </Text>
        <View
          style={
            {
              "marginLeft": 7,
            }
          }
        />
      </View>
      <View
        onLayout={[Function]}
        style={
          [
            {
              "flexDirection": "row",
            },
            null,
          ]
        }
      >
        <Text
          onPress={[Function]}
          style={
            [
              {
                "borderColor": "#5C5C5C",
                "color": "#5C5C5C",
                "fontSize": 13,
                "fontWeight": "400",
                "textTransform": "none",
              },
              undefined,
              {
                "backgroundColor": "#ECEDEC",
                "borderRadius": 8,
                "maxHeight": 26,
                "paddingHorizontal": 10,
                "paddingVertical": 4,
              },
            ]
          }
        >
          Non-Veg
        </Text>
        <View
          style={
            {
              "marginLeft": 7,
            }
          }
        />
      </View>
      <View
        onLayout={[Function]}
        style={
          [
            {
              "flexDirection": "row",
            },
            null,
          ]
        }
      >
        <Text
          onPress={[Function]}
          style={
            [
              {
                "borderColor": "#5C5C5C",
                "color": "#5C5C5C",
                "fontSize": 13,
                "fontWeight": "400",
                "textTransform": "none",
              },
              undefined,
              {
                "backgroundColor": "#ECEDEC",
                "borderRadius": 8,
                "maxHeight": 26,
                "paddingHorizontal": 10,
                "paddingVertical": 4,
              },
            ]
          }
        >
          Fast Food
        </Text>
      </View>
    </View>
  </RCTScrollView>
</View>
`;
