// Jest Snapshot v1, https://goo.gl/fbAQLP

exports[`Button has a default 1`] = `
<View
  accessible={true}
  collapsable={false}
  focusable={true}
  onBlur={[Function]}
  onClick={[Function]}
  onFocus={[Function]}
  onResponderGrant={[Function]}
  onResponderMove={[Function]}
  onResponderRelease={[Function]}
  onResponderTerminate={[Function]}
  onResponderTerminationRequest={[Function]}
  onStartShouldSetResponder={[Function]}
  style={
    [
      {
        "alignItems": "center",
        "alignSelf": "flex-start",
        "borderRadius": 8,
        "flexDirection": "row",
        "justifyContent": "center",
      },
      {
        "backgroundColor": "#91C788",
        "borderRadius": undefined,
        "paddingHorizontal": undefined,
        "paddingVertical": undefined,
      },
    ]
  }
>
  <Text
    onPress={[Function]}
    style={
      [
        {
          "borderColor": "#5C5C5C",
          "color": "#5C5C5C",
          "fontSize": 14,
          "fontWeight": "400",
          "textTransform": "none",
        },
        undefined,
        {},
      ]
    }
  />
</View>
`;
