// Jest Snapshot v1, https://goo.gl/fbAQLP

exports[`Input renders correctly 1`] = `
<View>
  <TextInput
    onChangeText={[Function]}
    placeholderTextColor="#000000"
    style={
      Array [
        Object {
          "color": "#DA6317",
          "fontSize": 13,
          "fontWeight": "400",
          "paddingHorizontal": 60,
          "paddingVertical": 14,
        },
        Object {
          "color": "#000000",
        },
      ]
    }
    value="User Name"
  />
</View>
`;
