// Jest Snapshot v1, https://goo.gl/fbAQLP

exports[`Component snapshot 1`] = `
<View
  style={
    Object {
      "alignItems": "center",
      "flexDirection": "row",
      "justifyContent": "space-between",
      "paddingHorizontal": 20,
      "width": "100%",
    }
  }
>
  <Text
    onPress={[Function]}
    style={
      Array [
        Object {
          "borderColor": "#5C5C5C",
          "color": "#5C5C5C",
          "fontSize": 23,
          "fontWeight": "800",
          "textTransform": "none",
        },
        undefined,
        Object {},
      ]
    }
  >
    Want to eat
healthy Food?
  </Text>
  <View
    accessible={true}
    collapsable={false}
    focusable={true}
    onBlur={[Function]}
    onClick={[Function]}
    onFocus={[Function]}
    onResponderGrant={[Function]}
    onResponderMove={[Function]}
    onResponderRelease={[Function]}
    onResponderTerminate={[Function]}
    onResponderTerminationRequest={[Function]}
    onStartShouldSetResponder={[Function]}
    style={
      Array [
        Object {
          "alignItems": "center",
          "alignSelf": "flex-start",
          "borderRadius": 8,
          "flexDirection": "row",
          "justifyContent": "center",
        },
        Object {
          "backgroundColor": "#ECECEC",
          "borderRadius": 17.5,
          "height": 35,
          "paddingHorizontal": undefined,
          "paddingVertical": undefined,
          "width": 35,
        },
      ]
    }
  >
    <Image
      source={1}
    />
  </View>
</View>
`;
