// Jest Snapshot v1, https://goo.gl/fbAQLP

exports[`NutritionalItem renders correctly 1`] = `
<View
  style={
    Array [
      Object {
        "alignItems": "center",
        "backgroundColor": "#FFF8EE",
        "justifyContent": "center",
        "paddingVertical": 19,
      },
      undefined,
    ]
  }
>
  <RCTScrollView
    ItemSeparatorComponent={[Function]}
    data={
      Array [
        Object {
          "title": "carbs",
          "value": 200,
        },
        Object {
          "title": "fat",
          "value": 200,
        },
        Object {
          "title": "protein",
          "value": 200,
        },
        Object {
          "title": "calories",
          "value": 200,
        },
      ]
    }
    getItem={[Function]}
    getItemCount={[Function]}
    horizontal={true}
    keyExtractor={[Function]}
    onContentSizeChange={[Function]}
    onLayout={[Function]}
    onMomentumScrollBegin={[Function]}
    onMomentumScrollEnd={[Function]}
    onScroll={[Function]}
    onScrollBeginDrag={[Function]}
    onScrollEndDrag={[Function]}
    removeClippedSubviews={false}
    renderItem={[Function]}
    scrollEventThrottle={50}
    stickyHeaderIndices={Array []}
    viewabilityConfigCallbackPairs={Array []}
  >
    <View>
      <View
        onLayout={[Function]}
        style={
          Array [
            Object {
              "flexDirection": "row",
            },
            null,
          ]
        }
      >
        <View>
          <Text
            onPress={[Function]}
            style={
              Array [
                Object {
                  "borderColor": "#5C5C5C",
                  "color": "#5C5C5C",
                  "fontSize": 16,
                  "fontWeight": "400",
                  "textTransform": "capitalize",
                },
                undefined,
                Object {},
              ]
            }
          >
            carbs
          </Text>
          <Text
            onPress={[Function]}
            style={
              Array [
                Object {
                  "borderColor": "#FF8473",
                  "color": "#FF8473",
                  "fontSize": 24,
                  "fontWeight": "400",
                  "textTransform": "none",
                },
                undefined,
                Object {},
              ]
            }
          >
            200g
          </Text>
        </View>
        <View
          style={
            Object {
              "marginLeft": 40,
            }
          }
        />
      </View>
      <View
        onLayout={[Function]}
        style={
          Array [
            Object {
              "flexDirection": "row",
            },
            null,
          ]
        }
      >
        <View>
          <Text
            onPress={[Function]}
            style={
              Array [
                Object {
                  "borderColor": "#5C5C5C",
                  "color": "#5C5C5C",
                  "fontSize": 16,
                  "fontWeight": "400",
                  "textTransform": "capitalize",
                },
                undefined,
                Object {},
              ]
            }
          >
            fat
          </Text>
          <Text
            onPress={[Function]}
            style={
              Array [
                Object {
                  "borderColor": "#FF8473",
                  "color": "#FF8473",
                  "fontSize": 24,
                  "fontWeight": "400",
                  "textTransform": "none",
                },
                undefined,
                Object {},
              ]
            }
          >
            200g
          </Text>
        </View>
        <View
          style={
            Object {
              "marginLeft": 40,
            }
          }
        />
      </View>
      <View
        onLayout={[Function]}
        style={
          Array [
            Object {
              "flexDirection": "row",
            },
            null,
          ]
        }
      >
        <View>
          <Text
            onPress={[Function]}
            style={
              Array [
                Object {
                  "borderColor": "#5C5C5C",
                  "color": "#5C5C5C",
                  "fontSize": 16,
                  "fontWeight": "400",
                  "textTransform": "capitalize",
                },
                undefined,
                Object {},
              ]
            }
          >
            protein
          </Text>
          <Text
            onPress={[Function]}
            style={
              Array [
                Object {
                  "borderColor": "#FF8473",
                  "color": "#FF8473",
                  "fontSize": 24,
                  "fontWeight": "400",
                  "textTransform": "none",
                },
                undefined,
                Object {},
              ]
            }
          >
            200g
          </Text>
        </View>
        <View
          style={
            Object {
              "marginLeft": 40,
            }
          }
        />
      </View>
      <View
        onLayout={[Function]}
        style={
          Array [
            Object {
              "flexDirection": "row",
            },
            null,
          ]
        }
      >
        <View>
          <Text
            onPress={[Function]}
            style={
              Array [
                Object {
                  "borderColor": "#5C5C5C",
                  "color": "#5C5C5C",
                  "fontSize": 16,
                  "fontWeight": "400",
                  "textTransform": "capitalize",
                },
                undefined,
                Object {},
              ]
            }
          >
            calories
          </Text>
          <Text
            onPress={[Function]}
            style={
              Array [
                Object {
                  "borderColor": "#FF8473",
                  "color": "#FF8473",
                  "fontSize": 24,
                  "fontWeight": "400",
                  "textTransform": "none",
                },
                undefined,
                Object {},
              ]
            }
          >
            200g
          </Text>
        </View>
      </View>
    </View>
  </RCTScrollView>
</View>
`;
