// Jest Snapshot v1, https://goo.gl/fbAQLP

exports[`Component snapshot 1`] = `
<View
  style={
    Object {
      "backgroundColor": "#FFF3F1",
      "borderRadius": 15,
      "marginTop": 14,
      "position": "relative",
      "zIndex": 1,
    }
  }
>
  <View>
    <TextInput
      onChangeText={[Function]}
      placeholder="Search for healthy food"
      placeholderTextColor="#FF8473"
      style={
        Array [
          Object {
            "color": "#DA6317",
            "fontSize": 13,
            "fontWeight": "400",
            "paddingHorizontal": 60,
            "paddingVertical": 14,
          },
          Object {
            "color": "#000000",
          },
        ]
      }
      value=""
    />
  </View>
  <Image
    source={
      Object {
        "testUri": "../../../assets/icons/iconsearch.png",
      }
    }
    style={
      Object {
        "left": 21,
        "position": "absolute",
        "top": "50%",
        "transform": Array [
          Object {
            "translateY": -10,
          },
        ],
      }
    }
  />
</View>
`;
