// Jest Snapshot v1, https://goo.gl/fbAQLP

exports[`Component renders correctly 1`] = `
<View
  style={
    Array [
      Object {
        "alignItems": "flex-start",
        "backgroundColor": "#FFFFFF",
        "flex": 1,
      },
      Object {
        "alignItems": "center",
      },
    ]
  }
>
  <RCTScrollView
    ItemSeparatorComponent={[Function]}
    data={
      Array [
        Object {
          "category": 1,
          "color": "RED",
          "desc": "Note that in TypeScript, you can define the return type of the function using a colon (:) after the function parameter list. In this example, we don't explicitly define the return type, but TypeScript will infer that the return type is a Promise that resolves to a JSON object.",
          "favorite": 0,
          "id": 22,
          "imgUrl": "https://firebasestorage.googleapis.com/v0/b/react-my-example.appspot.com/o/a2.png?alt=media&token=abe65f60-e23e-48d9-a2c8-13c9e3ccb921",
          "ingredients": Array [
            Object {
              "id": 1,
              "name": "Bread",
              "value": 200,
            },
            Object {
              "id": 2,
              "name": "Meat (Chicken)",
              "value": 500,
            },
            Object {
              "id": 3,
              "name": "Cacumber",
              "value": 300,
            },
            Object {
              "id": 4,
              "name": "Onion",
              "value": 200,
            },
          ],
          "name": "Pizza",
          "nutritional": Object {
            "calories": 100,
            "carbs": 100,
            "fat": 100,
            "protein": 100,
          },
          "weight": 200,
        },
        Object {
          "category": 7,
          "color": "RED",
          "desc": "Note that in TypeScript, you can define the return type of the function using a colon after the function parameter list. In this example, we don't explicitly define the return type, but TypeScript will infer that the return type is a Promise that resolves to a JSON object.",
          "favorite": 1,
          "id": 1,
          "imgUrl": "https://firebasestorage.googleapis.com/v0/b/react-my-example.appspot.com/o/a2.png?alt=media&token=abe65f60-e23e-48d9-a2c8-13c9e3ccb921",
          "ingredients": Array [
            Object {
              "id": 1,
              "name": "Bread",
              "value": 200,
            },
            Object {
              "id": 2,
              "name": "Meat (Chicken)",
              "value": 500,
            },
            Object {
              "id": 3,
              "name": "Cacumber",
              "value": 300,
            },
            Object {
              "id": 4,
              "name": "Onion",
              "value": 200,
            },
          ],
          "name": "Chicken 1",
          "nutritional": Object {
            "calories": 200,
            "carbs": 100,
            "fat": 100,
            "protein": 100,
          },
          "weight": 400,
        },
        Object {
          "category": 3,
          "color": "YELLOW",
          "desc": "Note that in TypeScript, you can define the return type of the function using a colon (:) after the function parameter list. In this example, we don't explicitly define the return type, but TypeScript will infer that the return type is a Promise that resolves to a JSON object.",
          "favorite": 0,
          "id": 4,
          "imgUrl": "https://firebasestorage.googleapis.com/v0/b/react-my-example.appspot.com/o/a5.png?alt=media&token=af718429-aabf-4329-91e5-439cff65e187",
          "ingredients": Array [
            Object {
              "id": 1,
              "name": "Bread",
              "value": 200,
            },
            Object {
              "id": 2,
              "name": "Meat (Chicken)",
              "value": 500,
            },
            Object {
              "id": 3,
              "name": "Cacumber",
              "value": 300,
            },
            Object {
              "id": 4,
              "name": "Onion",
              "value": 200,
            },
          ],
          "name": "Fish",
          "nutritional": Object {
            "calories": 200,
            "carbs": 100,
            "fat": 100,
            "protein": 100,
          },
          "weight": 400,
        },
        Object {
          "category": 3,
          "color": "GREEN",
          "desc": "Note that in TypeScript, you can define the return type of the function using a colon (:) after the function parameter list. In this example, we don't explicitly define the return type, but TypeScript will infer that the return type is a Promise that resolves to a JSON object.",
          "favorite": 1,
          "id": 5,
          "imgUrl": "https://firebasestorage.googleapis.com/v0/b/react-my-example.appspot.com/o/a6.png?alt=media&token=e16ecdc8-e597-464d-90ce-0c6b64e0c5a8",
          "ingredients": Array [
            Object {
              "id": 1,
              "name": "Bread",
              "value": 200,
            },
            Object {
              "id": 2,
              "name": "Meat (Chicken)",
              "value": 500,
            },
            Object {
              "id": 3,
              "name": "Cacumber",
              "value": 300,
            },
            Object {
              "id": 4,
              "name": "Onion",
              "value": 200,
            },
          ],
          "name": "Bacon",
          "nutritional": Object {
            "calories": 200,
            "carbs": 100,
            "fat": 100,
            "protein": 100,
          },
          "weight": 400,
        },
        Object {
          "category": 2,
          "color": "RED",
          "desc": "Note that in TypeScript, you can define the return type of the function using a colon (:) after the function parameter list. In this example, we don't explicitly define the return type, but TypeScript will infer that the return type is a Promise that resolves to a JSON object.",
          "favorite": 0,
          "id": 6,
          "imgUrl": "https://firebasestorage.googleapis.com/v0/b/react-my-example.appspot.com/o/a2.png?alt=media&token=abe65f60-e23e-48d9-a2c8-13c9e3ccb921",
          "ingredients": Array [
            Object {
              "id": 1,
              "name": "Bread",
              "value": 200,
            },
            Object {
              "id": 2,
              "name": "Meat (Chicken)",
              "value": 500,
            },
            Object {
              "id": 3,
              "name": "Cacumber",
              "value": 300,
            },
            Object {
              "id": 4,
              "name": "Onion",
              "value": 200,
            },
          ],
          "name": "Chicken 2",
          "nutritional": Object {
            "calories": 200,
            "carbs": 100,
            "fat": 100,
            "protein": 100,
          },
          "weight": 400,
        },
        Object {
          "category": 2,
          "color": "GREEN",
          "desc": "Note that in TypeScript, you can define the return type of the function using a colon (:) after the function parameter list. In this example, we don't explicitly define the return type, but TypeScript will infer that the return type is a Promise that resolves to a JSON object.",
          "favorite": 0,
          "id": 7,
          "imgUrl": "https://firebasestorage.googleapis.com/v0/b/react-my-example.appspot.com/o/a6.png?alt=media&token=e16ecdc8-e597-464d-90ce-0c6b64e0c5a8",
          "ingredients": Array [
            Object {
              "id": 1,
              "name": "Bread",
              "value": 200,
            },
            Object {
              "id": 2,
              "name": "Meat (Chicken)",
              "value": 500,
            },
            Object {
              "id": 3,
              "name": "Cacumber",
              "value": 300,
            },
            Object {
              "id": 4,
              "name": "Onion",
              "value": 200,
            },
          ],
          "name": "Beef",
          "nutritional": Object {
            "calories": 200,
            "carbs": 100,
            "fat": 100,
            "protein": 100,
          },
          "weight": 400,
        },
        Object {
          "category": 3,
          "color": "RED",
          "desc": "Note that in TypeScript, you can define the return type of the function using a colon (:) after the function parameter list. In this example, we don't explicitly define the return type, but TypeScript will infer that the return type is a Promise that resolves to a JSON object.",
          "favorite": 0,
          "id": 8,
          "imgUrl": "https://firebasestorage.googleapis.com/v0/b/react-my-example.appspot.com/o/a2.png?alt=media&token=abe65f60-e23e-48d9-a2c8-13c9e3ccb921",
          "ingredients": Array [
            Object {
              "id": 1,
              "name": "Bread",
              "value": 200,
            },
            Object {
              "id": 2,
              "name": "Meat (Chicken)",
              "value": 500,
            },
            Object {
              "id": 3,
              "name": "Cacumber",
              "value": 300,
            },
            Object {
              "id": 4,
              "name": "Onion",
              "value": 200,
            },
          ],
          "name": "Pork",
          "nutritional": Object {
            "calories": 200,
            "carbs": 100,
            "fat": 100,
            "protein": 100,
          },
          "weight": 400,
        },
        Object {
          "category": 3,
          "color": "ORANGE",
          "desc": "Note that in TypeScript, you can define the return type of the function using a colon (:) after the function parameter list. In this example, we don't explicitly define the return type, but TypeScript will infer that the return type is a Promise that resolves to a JSON object.",
          "favorite": 0,
          "id": 9,
          "imgUrl": "https://firebasestorage.googleapis.com/v0/b/react-my-example.appspot.com/o/a2.png?alt=media&token=abe65f60-e23e-48d9-a2c8-13c9e3ccb921",
          "ingredients": Array [
            Object {
              "id": 1,
              "name": "Bread",
              "value": 200,
            },
            Object {
              "id": 2,
              "name": "Meat (Chicken)",
              "value": 500,
            },
            Object {
              "id": 3,
              "name": "Cacumber",
              "value": 300,
            },
            Object {
              "id": 4,
              "name": "Onion",
              "value": 200,
            },
          ],
          "name": "Fish 2",
          "nutritional": Object {
            "calories": 200,
            "carbs": 100,
            "fat": 100,
            "protein": 100,
          },
          "weight": 400,
        },
      ]
    }
    getItem={[Function]}
    getItemCount={[Function]}
    justifyContent="space-between"
    keyExtractor={[Function]}
    onContentSizeChange={[Function]}
    onLayout={[Function]}
    onMomentumScrollBegin={[Function]}
    onMomentumScrollEnd={[Function]}
    onScroll={[Function]}
    onScrollBeginDrag={[Function]}
    onScrollEndDrag={[Function]}
    removeClippedSubviews={false}
    renderItem={[Function]}
    scrollEventThrottle={50}
    showsHorizontalScrollIndicator={false}
    showsVerticalScrollIndicator={false}
    stickyHeaderIndices={Array []}
    style={
      Object {
        "marginTop": 15,
      }
    }
    viewabilityConfigCallbackPairs={Array []}
    width={326}
  >
    <View>
      <View
        onLayout={[Function]}
        style={null}
      >
        <View
          style={
            Array [
              Object {
                "flexDirection": "row",
              },
              Object {
                "justifyContent": "space-between",
              },
            ]
          }
        >
          <View
            accessible={true}
            collapsable={false}
            focusable={true}
            onBlur={[Function]}
            onClick={[Function]}
            onFocus={[Function]}
            onResponderGrant={[Function]}
            onResponderMove={[Function]}
            onResponderRelease={[Function]}
            onResponderTerminate={[Function]}
            onResponderTerminationRequest={[Function]}
            onStartShouldSetResponder={[Function]}
            style={
              Array [
                Object {
                  "alignItems": "center",
                  "backgroundColor": "#FFFFFF",
                  "borderRadius": 20,
                  "justifyContent": "space-around",
                  "paddingBottom": 18,
                  "paddingHorizontal": 27,
                  "paddingTop": 17,
                  "paddingVertical": 17,
                },
                Object {
                  "borderColor": "#DBDBDB",
                  "borderWidth": 1,
                  "height": 192,
                  "width": 154,
                },
              ]
            }
          >
            <View>
              <View
                style={
                  Array [
                    Object {
                      "alignItems": "center",
                      "justifyContent": "center",
                    },
                    Object {
                      "backgroundColor": "#EA1502",
                      "borderRadius": 46,
                      "height": 92,
                      "opacity": 0.2,
                      "width": 92,
                    },
                  ]
                }
              />
              <View
                style={
                  Array [
                    Object {
                      "position": "absolute",
                      "zIndex": 1,
                    },
                    Object {
                      "backgroundColor": "#EA1502",
                      "borderRadius": 34,
                      "height": 68,
                      "left": 12,
                      "top": 12,
                      "width": 68,
                    },
                  ]
                }
              >
                <Image
                  source={
                    Object {
                      "uri": "https://firebasestorage.googleapis.com/v0/b/react-my-example.appspot.com/o/a2.png?alt=media&token=abe65f60-e23e-48d9-a2c8-13c9e3ccb921",
                    }
                  }
                  style={
                    Array [
                      Object {
                        "bottom": -10,
                        "position": "absolute",
                        "resizeMode": "contain",
                        "right": -20,
                        "zIndex": 2,
                      },
                      Object {
                        "height": 80,
                        "width": 100,
                      },
                    ]
                  }
                />
              </View>
            </View>
            <Text
              style={
                Array [
                  Object {
                    "color": "#5C5C5C",
                    "fontSize": 14,
                    "fontWeight": undefined,
                  },
                  Object {
                    "fontSize": 17,
                    "fontWeight": "700",
                    "marginTop": 14,
                  },
                ]
              }
            >
              Pizza
            </Text>
            <Text
              style={
                Array [
                  Object {
                    "color": "#5C5C5C",
                    "fontSize": 14,
                    "fontWeight": undefined,
                  },
                  Object {
                    "fontSize": 13,
                    "fontWeight": "400",
                    "marginTop": 10,
                  },
                ]
              }
            >
              100 cal/200 kg
            </Text>
          </View>
          <View
            accessible={true}
            collapsable={false}
            focusable={true}
            onBlur={[Function]}
            onClick={[Function]}
            onFocus={[Function]}
            onResponderGrant={[Function]}
            onResponderMove={[Function]}
            onResponderRelease={[Function]}
            onResponderTerminate={[Function]}
            onResponderTerminationRequest={[Function]}
            onStartShouldSetResponder={[Function]}
            style={
              Array [
                Object {
                  "alignItems": "center",
                  "backgroundColor": "#FFFFFF",
                  "borderRadius": 20,
                  "justifyContent": "space-around",
                  "paddingBottom": 18,
                  "paddingHorizontal": 27,
                  "paddingTop": 17,
                  "paddingVertical": 17,
                },
                Object {
                  "borderColor": "#DBDBDB",
                  "borderWidth": 1,
                  "height": 192,
                  "width": 154,
                },
              ]
            }
          >
            <View>
              <View
                style={
                  Array [
                    Object {
                      "alignItems": "center",
                      "justifyContent": "center",
                    },
                    Object {
                      "backgroundColor": "#EA1502",
                      "borderRadius": 46,
                      "height": 92,
                      "opacity": 0.2,
                      "width": 92,
                    },
                  ]
                }
              />
              <View
                style={
                  Array [
                    Object {
                      "position": "absolute",
                      "zIndex": 1,
                    },
                    Object {
                      "backgroundColor": "#EA1502",
                      "borderRadius": 34,
                      "height": 68,
                      "left": 12,
                      "top": 12,
                      "width": 68,
                    },
                  ]
                }
              >
                <Image
                  source={
                    Object {
                      "uri": "https://firebasestorage.googleapis.com/v0/b/react-my-example.appspot.com/o/a2.png?alt=media&token=abe65f60-e23e-48d9-a2c8-13c9e3ccb921",
                    }
                  }
                  style={
                    Array [
                      Object {
                        "bottom": -10,
                        "position": "absolute",
                        "resizeMode": "contain",
                        "right": -20,
                        "zIndex": 2,
                      },
                      Object {
                        "height": 80,
                        "width": 100,
                      },
                    ]
                  }
                />
              </View>
            </View>
            <Text
              style={
                Array [
                  Object {
                    "color": "#5C5C5C",
                    "fontSize": 14,
                    "fontWeight": undefined,
                  },
                  Object {
                    "fontSize": 17,
                    "fontWeight": "700",
                    "marginTop": 14,
                  },
                ]
              }
            >
              Chicken 1
            </Text>
            <Text
              style={
                Array [
                  Object {
                    "color": "#5C5C5C",
                    "fontSize": 14,
                    "fontWeight": undefined,
                  },
                  Object {
                    "fontSize": 13,
                    "fontWeight": "400",
                    "marginTop": 10,
                  },
                ]
              }
            >
              200 cal/400 kg
            </Text>
          </View>
        </View>
        <View
          style={
            Object {
              "height": 18,
              "marginLeft": 18,
            }
          }
        />
      </View>
      <View
        onLayout={[Function]}
        style={null}
      >
        <View
          style={
            Array [
              Object {
                "flexDirection": "row",
              },
              Object {
                "justifyContent": "space-between",
              },
            ]
          }
        >
          <View
            accessible={true}
            collapsable={false}
            focusable={true}
            onBlur={[Function]}
            onClick={[Function]}
            onFocus={[Function]}
            onResponderGrant={[Function]}
            onResponderMove={[Function]}
            onResponderRelease={[Function]}
            onResponderTerminate={[Function]}
            onResponderTerminationRequest={[Function]}
            onStartShouldSetResponder={[Function]}
            style={
              Array [
                Object {
                  "alignItems": "center",
                  "backgroundColor": "#FFFFFF",
                  "borderRadius": 20,
                  "justifyContent": "space-around",
                  "paddingBottom": 18,
                  "paddingHorizontal": 27,
                  "paddingTop": 17,
                  "paddingVertical": 17,
                },
                Object {
                  "borderColor": "#DBDBDB",
                  "borderWidth": 1,
                  "height": 192,
                  "width": 154,
                },
              ]
            }
          >
            <View>
              <View
                style={
                  Array [
                    Object {
                      "alignItems": "center",
                      "justifyContent": "center",
                    },
                    Object {
                      "backgroundColor": "#F2C94C",
                      "borderRadius": 46,
                      "height": 92,
                      "opacity": 0.2,
                      "width": 92,
                    },
                  ]
                }
              />
              <View
                style={
                  Array [
                    Object {
                      "position": "absolute",
                      "zIndex": 1,
                    },
                    Object {
                      "backgroundColor": "#F2C94C",
                      "borderRadius": 34,
                      "height": 68,
                      "left": 12,
                      "top": 12,
                      "width": 68,
                    },
                  ]
                }
              >
                <Image
                  source={
                    Object {
                      "uri": "https://firebasestorage.googleapis.com/v0/b/react-my-example.appspot.com/o/a5.png?alt=media&token=af718429-aabf-4329-91e5-439cff65e187",
                    }
                  }
                  style={
                    Array [
                      Object {
                        "bottom": -10,
                        "position": "absolute",
                        "resizeMode": "contain",
                        "right": -20,
                        "zIndex": 2,
                      },
                      Object {
                        "height": 80,
                        "width": 100,
                      },
                    ]
                  }
                />
              </View>
            </View>
            <Text
              style={
                Array [
                  Object {
                    "color": "#5C5C5C",
                    "fontSize": 14,
                    "fontWeight": undefined,
                  },
                  Object {
                    "fontSize": 17,
                    "fontWeight": "700",
                    "marginTop": 14,
                  },
                ]
              }
            >
              Fish
            </Text>
            <Text
              style={
                Array [
                  Object {
                    "color": "#5C5C5C",
                    "fontSize": 14,
                    "fontWeight": undefined,
                  },
                  Object {
                    "fontSize": 13,
                    "fontWeight": "400",
                    "marginTop": 10,
                  },
                ]
              }
            >
              200 cal/400 kg
            </Text>
          </View>
          <View
            accessible={true}
            collapsable={false}
            focusable={true}
            onBlur={[Function]}
            onClick={[Function]}
            onFocus={[Function]}
            onResponderGrant={[Function]}
            onResponderMove={[Function]}
            onResponderRelease={[Function]}
            onResponderTerminate={[Function]}
            onResponderTerminationRequest={[Function]}
            onStartShouldSetResponder={[Function]}
            style={
              Array [
                Object {
                  "alignItems": "center",
                  "backgroundColor": "#FFFFFF",
                  "borderRadius": 20,
                  "justifyContent": "space-around",
                  "paddingBottom": 18,
                  "paddingHorizontal": 27,
                  "paddingTop": 17,
                  "paddingVertical": 17,
                },
                Object {
                  "borderColor": "#DBDBDB",
                  "borderWidth": 1,
                  "height": 192,
                  "width": 154,
                },
              ]
            }
          >
            <View>
              <View
                style={
                  Array [
                    Object {
                      "alignItems": "center",
                      "justifyContent": "center",
                    },
                    Object {
                      "backgroundColor": "#27AE60",
                      "borderRadius": 46,
                      "height": 92,
                      "opacity": 0.2,
                      "width": 92,
                    },
                  ]
                }
              />
              <View
                style={
                  Array [
                    Object {
                      "position": "absolute",
                      "zIndex": 1,
                    },
                    Object {
                      "backgroundColor": "#27AE60",
                      "borderRadius": 34,
                      "height": 68,
                      "left": 12,
                      "top": 12,
                      "width": 68,
                    },
                  ]
                }
              >
                <Image
                  source={
                    Object {
                      "uri": "https://firebasestorage.googleapis.com/v0/b/react-my-example.appspot.com/o/a6.png?alt=media&token=e16ecdc8-e597-464d-90ce-0c6b64e0c5a8",
                    }
                  }
                  style={
                    Array [
                      Object {
                        "bottom": -10,
                        "position": "absolute",
                        "resizeMode": "contain",
                        "right": -20,
                        "zIndex": 2,
                      },
                      Object {
                        "height": 80,
                        "width": 100,
                      },
                    ]
                  }
                />
              </View>
            </View>
            <Text
              style={
                Array [
                  Object {
                    "color": "#5C5C5C",
                    "fontSize": 14,
                    "fontWeight": undefined,
                  },
                  Object {
                    "fontSize": 17,
                    "fontWeight": "700",
                    "marginTop": 14,
                  },
                ]
              }
            >
              Bacon
            </Text>
            <Text
              style={
                Array [
                  Object {
                    "color": "#5C5C5C",
                    "fontSize": 14,
                    "fontWeight": undefined,
                  },
                  Object {
                    "fontSize": 13,
                    "fontWeight": "400",
                    "marginTop": 10,
                  },
                ]
              }
            >
              200 cal/400 kg
            </Text>
          </View>
        </View>
        <View
          style={
            Object {
              "height": 18,
              "marginLeft": 18,
            }
          }
        />
      </View>
      <View
        onLayout={[Function]}
        style={null}
      >
        <View
          style={
            Array [
              Object {
                "flexDirection": "row",
              },
              Object {
                "justifyContent": "space-between",
              },
            ]
          }
        >
          <View
            accessible={true}
            collapsable={false}
            focusable={true}
            onBlur={[Function]}
            onClick={[Function]}
            onFocus={[Function]}
            onResponderGrant={[Function]}
            onResponderMove={[Function]}
            onResponderRelease={[Function]}
            onResponderTerminate={[Function]}
            onResponderTerminationRequest={[Function]}
            onStartShouldSetResponder={[Function]}
            style={
              Array [
                Object {
                  "alignItems": "center",
                  "backgroundColor": "#FFFFFF",
                  "borderRadius": 20,
                  "justifyContent": "space-around",
                  "paddingBottom": 18,
                  "paddingHorizontal": 27,
                  "paddingTop": 17,
                  "paddingVertical": 17,
                },
                Object {
                  "borderColor": "#DBDBDB",
                  "borderWidth": 1,
                  "height": 192,
                  "width": 154,
                },
              ]
            }
          >
            <View>
              <View
                style={
                  Array [
                    Object {
                      "alignItems": "center",
                      "justifyContent": "center",
                    },
                    Object {
                      "backgroundColor": "#EA1502",
                      "borderRadius": 46,
                      "height": 92,
                      "opacity": 0.2,
                      "width": 92,
                    },
                  ]
                }
              />
              <View
                style={
                  Array [
                    Object {
                      "position": "absolute",
                      "zIndex": 1,
                    },
                    Object {
                      "backgroundColor": "#EA1502",
                      "borderRadius": 34,
                      "height": 68,
                      "left": 12,
                      "top": 12,
                      "width": 68,
                    },
                  ]
                }
              >
                <Image
                  source={
                    Object {
                      "uri": "https://firebasestorage.googleapis.com/v0/b/react-my-example.appspot.com/o/a2.png?alt=media&token=abe65f60-e23e-48d9-a2c8-13c9e3ccb921",
                    }
                  }
                  style={
                    Array [
                      Object {
                        "bottom": -10,
                        "position": "absolute",
                        "resizeMode": "contain",
                        "right": -20,
                        "zIndex": 2,
                      },
                      Object {
                        "height": 80,
                        "width": 100,
                      },
                    ]
                  }
                />
              </View>
            </View>
            <Text
              style={
                Array [
                  Object {
                    "color": "#5C5C5C",
                    "fontSize": 14,
                    "fontWeight": undefined,
                  },
                  Object {
                    "fontSize": 17,
                    "fontWeight": "700",
                    "marginTop": 14,
                  },
                ]
              }
            >
              Chicken 2
            </Text>
            <Text
              style={
                Array [
                  Object {
                    "color": "#5C5C5C",
                    "fontSize": 14,
                    "fontWeight": undefined,
                  },
                  Object {
                    "fontSize": 13,
                    "fontWeight": "400",
                    "marginTop": 10,
                  },
                ]
              }
            >
              200 cal/400 kg
            </Text>
          </View>
          <View
            accessible={true}
            collapsable={false}
            focusable={true}
            onBlur={[Function]}
            onClick={[Function]}
            onFocus={[Function]}
            onResponderGrant={[Function]}
            onResponderMove={[Function]}
            onResponderRelease={[Function]}
            onResponderTerminate={[Function]}
            onResponderTerminationRequest={[Function]}
            onStartShouldSetResponder={[Function]}
            style={
              Array [
                Object {
                  "alignItems": "center",
                  "backgroundColor": "#FFFFFF",
                  "borderRadius": 20,
                  "justifyContent": "space-around",
                  "paddingBottom": 18,
                  "paddingHorizontal": 27,
                  "paddingTop": 17,
                  "paddingVertical": 17,
                },
                Object {
                  "borderColor": "#DBDBDB",
                  "borderWidth": 1,
                  "height": 192,
                  "width": 154,
                },
              ]
            }
          >
            <View>
              <View
                style={
                  Array [
                    Object {
                      "alignItems": "center",
                      "justifyContent": "center",
                    },
                    Object {
                      "backgroundColor": "#27AE60",
                      "borderRadius": 46,
                      "height": 92,
                      "opacity": 0.2,
                      "width": 92,
                    },
                  ]
                }
              />
              <View
                style={
                  Array [
                    Object {
                      "position": "absolute",
                      "zIndex": 1,
                    },
                    Object {
                      "backgroundColor": "#27AE60",
                      "borderRadius": 34,
                      "height": 68,
                      "left": 12,
                      "top": 12,
                      "width": 68,
                    },
                  ]
                }
              >
                <Image
                  source={
                    Object {
                      "uri": "https://firebasestorage.googleapis.com/v0/b/react-my-example.appspot.com/o/a6.png?alt=media&token=e16ecdc8-e597-464d-90ce-0c6b64e0c5a8",
                    }
                  }
                  style={
                    Array [
                      Object {
                        "bottom": -10,
                        "position": "absolute",
                        "resizeMode": "contain",
                        "right": -20,
                        "zIndex": 2,
                      },
                      Object {
                        "height": 80,
                        "width": 100,
                      },
                    ]
                  }
                />
              </View>
            </View>
            <Text
              style={
                Array [
                  Object {
                    "color": "#5C5C5C",
                    "fontSize": 14,
                    "fontWeight": undefined,
                  },
                  Object {
                    "fontSize": 17,
                    "fontWeight": "700",
                    "marginTop": 14,
                  },
                ]
              }
            >
              Beef
            </Text>
            <Text
              style={
                Array [
                  Object {
                    "color": "#5C5C5C",
                    "fontSize": 14,
                    "fontWeight": undefined,
                  },
                  Object {
                    "fontSize": 13,
                    "fontWeight": "400",
                    "marginTop": 10,
                  },
                ]
              }
            >
              200 cal/400 kg
            </Text>
          </View>
        </View>
        <View
          style={
            Object {
              "height": 18,
              "marginLeft": 18,
            }
          }
        />
      </View>
      <View
        onLayout={[Function]}
        style={null}
      >
        <View
          style={
            Array [
              Object {
                "flexDirection": "row",
              },
              Object {
                "justifyContent": "space-between",
              },
            ]
          }
        >
          <View
            accessible={true}
            collapsable={false}
            focusable={true}
            onBlur={[Function]}
            onClick={[Function]}
            onFocus={[Function]}
            onResponderGrant={[Function]}
            onResponderMove={[Function]}
            onResponderRelease={[Function]}
            onResponderTerminate={[Function]}
            onResponderTerminationRequest={[Function]}
            onStartShouldSetResponder={[Function]}
            style={
              Array [
                Object {
                  "alignItems": "center",
                  "backgroundColor": "#FFFFFF",
                  "borderRadius": 20,
                  "justifyContent": "space-around",
                  "paddingBottom": 18,
                  "paddingHorizontal": 27,
                  "paddingTop": 17,
                  "paddingVertical": 17,
                },
                Object {
                  "borderColor": "#DBDBDB",
                  "borderWidth": 1,
                  "height": 192,
                  "width": 154,
                },
              ]
            }
          >
            <View>
              <View
                style={
                  Array [
                    Object {
                      "alignItems": "center",
                      "justifyContent": "center",
                    },
                    Object {
                      "backgroundColor": "#EA1502",
                      "borderRadius": 46,
                      "height": 92,
                      "opacity": 0.2,
                      "width": 92,
                    },
                  ]
                }
              />
              <View
                style={
                  Array [
                    Object {
                      "position": "absolute",
                      "zIndex": 1,
                    },
                    Object {
                      "backgroundColor": "#EA1502",
                      "borderRadius": 34,
                      "height": 68,
                      "left": 12,
                      "top": 12,
                      "width": 68,
                    },
                  ]
                }
              >
                <Image
                  source={
                    Object {
                      "uri": "https://firebasestorage.googleapis.com/v0/b/react-my-example.appspot.com/o/a2.png?alt=media&token=abe65f60-e23e-48d9-a2c8-13c9e3ccb921",
                    }
                  }
                  style={
                    Array [
                      Object {
                        "bottom": -10,
                        "position": "absolute",
                        "resizeMode": "contain",
                        "right": -20,
                        "zIndex": 2,
                      },
                      Object {
                        "height": 80,
                        "width": 100,
                      },
                    ]
                  }
                />
              </View>
            </View>
            <Text
              style={
                Array [
                  Object {
                    "color": "#5C5C5C",
                    "fontSize": 14,
                    "fontWeight": undefined,
                  },
                  Object {
                    "fontSize": 17,
                    "fontWeight": "700",
                    "marginTop": 14,
                  },
                ]
              }
            >
              Pork
            </Text>
            <Text
              style={
                Array [
                  Object {
                    "color": "#5C5C5C",
                    "fontSize": 14,
                    "fontWeight": undefined,
                  },
                  Object {
                    "fontSize": 13,
                    "fontWeight": "400",
                    "marginTop": 10,
                  },
                ]
              }
            >
              200 cal/400 kg
            </Text>
          </View>
          <View
            accessible={true}
            collapsable={false}
            focusable={true}
            onBlur={[Function]}
            onClick={[Function]}
            onFocus={[Function]}
            onResponderGrant={[Function]}
            onResponderMove={[Function]}
            onResponderRelease={[Function]}
            onResponderTerminate={[Function]}
            onResponderTerminationRequest={[Function]}
            onStartShouldSetResponder={[Function]}
            style={
              Array [
                Object {
                  "alignItems": "center",
                  "backgroundColor": "#FFFFFF",
                  "borderRadius": 20,
                  "justifyContent": "space-around",
                  "paddingBottom": 18,
                  "paddingHorizontal": 27,
                  "paddingTop": 17,
                  "paddingVertical": 17,
                },
                Object {
                  "borderColor": "#DBDBDB",
                  "borderWidth": 1,
                  "height": 192,
                  "width": 154,
                },
              ]
            }
          >
            <View>
              <View
                style={
                  Array [
                    Object {
                      "alignItems": "center",
                      "justifyContent": "center",
                    },
                    Object {
                      "backgroundColor": "#D89E4A",
                      "borderRadius": 46,
                      "height": 92,
                      "opacity": 0.2,
                      "width": 92,
                    },
                  ]
                }
              />
              <View
                style={
                  Array [
                    Object {
                      "position": "absolute",
                      "zIndex": 1,
                    },
                    Object {
                      "backgroundColor": "#D89E4A",
                      "borderRadius": 34,
                      "height": 68,
                      "left": 12,
                      "top": 12,
                      "width": 68,
                    },
                  ]
                }
              >
                <Image
                  source={
                    Object {
                      "uri": "https://firebasestorage.googleapis.com/v0/b/react-my-example.appspot.com/o/a2.png?alt=media&token=abe65f60-e23e-48d9-a2c8-13c9e3ccb921",
                    }
                  }
                  style={
                    Array [
                      Object {
                        "bottom": -10,
                        "position": "absolute",
                        "resizeMode": "contain",
                        "right": -20,
                        "zIndex": 2,
                      },
                      Object {
                        "height": 80,
                        "width": 100,
                      },
                    ]
                  }
                />
              </View>
            </View>
            <Text
              style={
                Array [
                  Object {
                    "color": "#5C5C5C",
                    "fontSize": 14,
                    "fontWeight": undefined,
                  },
                  Object {
                    "fontSize": 17,
                    "fontWeight": "700",
                    "marginTop": 14,
                  },
                ]
              }
            >
              Fish 2
            </Text>
            <Text
              style={
                Array [
                  Object {
                    "color": "#5C5C5C",
                    "fontSize": 14,
                    "fontWeight": undefined,
                  },
                  Object {
                    "fontSize": 13,
                    "fontWeight": "400",
                    "marginTop": 10,
                  },
                ]
              }
            >
              200 cal/400 kg
            </Text>
          </View>
        </View>
      </View>
    </View>
  </RCTScrollView>
</View>
`;
