// Jest Snapshot v1, https://goo.gl/fbAQLP

exports[`Component snapshot 1`] = `
<View
  style={
    Array [
      Object {
        "alignItems": "center",
        "justifyContent": "flex-start",
        "width": "100%",
      },
      Object {
        "marginTop": undefined,
      },
    ]
  }
>
  <View
    collapsable={false}
    style={
      Object {
        "transform": Array [
          Object {
            "rotate": "0deg",
          },
        ],
      }
    }
  >
    <Image
      source={
        Object {
          "testUri": "../../../assets/images/loading.png",
        }
      }
    />
  </View>
</View>
`;
